// Vitest Snapshot v1, https://vitest.dev/guide/snapshot.html

exports[`PoolAvailability > should render list of sessions 1`] = `
.emotion-0 {
  display: -webkit-box;
  display: -webkit-flex;
  display: -ms-flexbox;
  display: flex;
  -webkit-box-pack: start;
  -ms-flex-pack: start;
  -webkit-justify-content: flex-start;
  justify-content: flex-start;
  -webkit-align-items: center;
  -webkit-box-align: center;
  -ms-flex-align: center;
  align-items: center;
  position: relative;
  -webkit-text-decoration: none;
  text-decoration: none;
  width: 100%;
  box-sizing: border-box;
  text-align: left;
  padding-top: 8px;
  padding-bottom: 8px;
  padding-left: 16px;
  padding-right: 16px;
}

.emotion-0.Mui-focusVisible {
  background-color: rgba(0, 0, 0, 0.12);
}

.emotion-0.Mui-selected {
  background-color: rgba(25, 118, 210, 0.08);
}

.emotion-0.Mui-selected.Mui-focusVisible {
  background-color: rgba(25, 118, 210, 0.2);
}

.emotion-0.Mui-disabled {
  opacity: 0.38;
}

.emotion-1 {
  -webkit-flex: 1 1 auto;
  -ms-flex: 1 1 auto;
  flex: 1 1 auto;
  min-width: 0;
  margin-top: 6px;
  margin-bottom: 6px;
}

.emotion-2 {
  margin: 0;
  font-family: "Roboto","Helvetica","Arial",sans-serif;
  font-weight: 400;
  font-size: 1rem;
  line-height: 1.5;
  letter-spacing: 0.00938em;
  display: block;
}

.emotion-3 {
  margin: 0;
  font-family: "Roboto","Helvetica","Arial",sans-serif;
  font-weight: 400;
  font-size: 0.875rem;
  line-height: 1.43;
  letter-spacing: 0.01071em;
  color: rgba(0, 0, 0, 0.6);
  display: block;
}

<li
  class="MuiListItem-root MuiListItem-gutters MuiListItem-padding emotion-0"
>
  <div
    class="MuiListItemText-root MuiListItemText-multiline emotion-1"
  >
    <span
      class="MuiTypography-root MuiTypography-body1 MuiListItemText-primary emotion-2"
    >
      08:00 - 08:59 (1 spaces)
    </span>
    <p
      class="MuiTypography-root MuiTypography-body2 MuiListItemText-secondary emotion-3"
    >
      Lane 1
    </p>
  </div>
</li>
`;
